// Jest Snapshot v1, https://goo.gl/fbAQLP

exports[`withActiveCard should render correctly 1`] = `
<div
  activeCard={null}
  onActiveCardChange={[Function]}
/>
`;
