// Jest Snapshot v1, https://goo.gl/fbAQLP

exports[`withReview should render correctly 1`] = `
<div
  isSubmitButtonDisabled={true}
  movie={
    Object {
      "actors": Array [
        "Michael Fassbender",
        "Marion Cotillard",
        "Paddy Considine",
        "Sean Harris",
      ],
      "backgroundColor": "#A6B7AC",
      "backgroundImage": "img/bg-the-grand-budapest-hotel.jpg",
      "description": "The Grand Budapest Hotel is a 2014 comedy-drama film written and directed by Wes Anderson, which explores tragedy, war, fascism, nostalgia, friendship, and loyalty.",
      "director": "Wes Anderson",
      "genre": "Drama",
      "id": 1,
      "isFavorite": false,
      "poster": "https://loremflickr.com/cache/resized/65535_49824720108_18907b74af_z_273_410_nofilter.jpg",
      "previewImage": "img/fantastic-beasts-the-crimes-of-grindelwald.jpg",
      "previewVideo": "https://download.blender.org/durian/trailer/sintel_trailer-480p.mp4",
      "rating": Object {
        "count": 250,
        "score": 9.3,
      },
      "releaseDate": 2014,
      "runtime": 99,
      "title": "The Grand Budapest Hotel",
      "videoLink": "https://download.blender.org/durian/trailer/sintel_trailer-480p.mp4",
    }
  }
  onRatingChange={[Function]}
  onReviewChange={[Function]}
  onReviewFormSubmit={[Function]}
  onReviewSubmit={[Function]}
/>
`;
