// Jest Snapshot v1, https://goo.gl/fbAQLP

exports[`TabsList should render correctly 1`] = `
<div
  className="movie-card__desc"
>
  <nav
    className="movie-nav movie-card__nav"
  >
    <ul
      className="movie-nav__list"
    >
      <li
        className="movie-nav__item movie-nav__item--active"
      >
        <a
          className="movie-nav__link"
          href="#"
          onClick={[Function]}
        >
          Overview
        </a>
      </li>
      <li
        className="movie-nav__item "
      >
        <a
          className="movie-nav__link"
          href="#"
          onClick={[Function]}
        >
          Details
        </a>
      </li>
      <li
        className="movie-nav__item "
      >
        <a
          className="movie-nav__link"
          href="#"
          onClick={[Function]}
        >
          Reviews
        </a>
      </li>
    </ul>
  </nav>
  <div
    className="movie-rating"
  >
    <div
      className="movie-rating__score"
    >
      9,3
    </div>
    <p
      className="movie-rating__meta"
    >
      <span
        className="movie-rating__level"
      >
        Very good
      </span>
      <span
        className="movie-rating__count"
      >
        250
         ratings
      </span>
    </p>
  </div>
  <div
    className="movie-card__text"
  >
    The Grand Budapest Hotel is a 2014 comedy-drama film written and directed by Wes Anderson, which explores tragedy, war, fascism, nostalgia, friendship, and loyalty.
    <p
      className="movie-card__director"
    >
      <strong>
        Director: 
        Wes Anderson
      </strong>
    </p>
    <p
      className="movie-card__starring"
    >
      <strong>
        Starring: 
        Michael Fassbender, Marion Cotillard, Paddy Considine, Sean Harris
         and other
      </strong>
    </p>
  </div>
</div>
`;
