// Jest Snapshot v1, https://goo.gl/fbAQLP

exports[`AddReview should render correctly 1`] = `
<section
  className="movie-card movie-card--full"
  style={
    Object {
      "background": "#A6B7AC",
    }
  }
>
  <div
    className="movie-card__header"
  >
    <div
      className="movie-card__bg"
    >
      <img
        alt="The Grand Budapest Hotel"
        src="img/bg-the-grand-budapest-hotel.jpg"
      />
    </div>
    <h1
      className="visually-hidden"
    >
      WTW
    </h1>
    <header
      className="page-header movie-card__head"
    >
      <div
        className="logo"
      >
        <a
          className="logo__link"
        >
          <span
            className="logo__letter logo__letter--1"
          >
            W
          </span>
          <span
            className="logo__letter logo__letter--2"
          >
            T
          </span>
          <span
            className="logo__letter logo__letter--3"
          >
            W
          </span>
        </a>
      </div>
      <div
        className="user-block"
      >
        <div
          className="user-block__avatar"
        >
          <img
            alt="Ben avatar"
            height="63"
            src="/wtw/static/avatar/5.jpg"
            width="63"
          />
        </div>
      </div>
    </header>
    <div
      className="movie-card__poster movie-card__poster--small"
    >
      <img
        alt="The Grand Budapest Hotel poster"
        height="327"
        src="https://loremflickr.com/cache/resized/65535_49824720108_18907b74af_z_273_410_nofilter.jpg"
        width="218"
      />
    </div>
  </div>
  <div
    className="add-review"
  >
    <form
      action="#"
      className="add-review__form"
      disabled={false}
      onSubmit={[Function]}
    >
      <div
        className="rating"
      >
        <div
          className="rating__stars"
          onChange={[Function]}
        >
          <input
            className="rating__input"
            id="star-1"
            name="rating"
            type="radio"
            value={1}
          />
          <label
            className="rating__label"
            htmlFor="star-1"
          >
            Rating 
            1
          </label>
          <input
            className="rating__input"
            id="star-2"
            name="rating"
            type="radio"
            value={2}
          />
          <label
            className="rating__label"
            htmlFor="star-2"
          >
            Rating 
            2
          </label>
          <input
            className="rating__input"
            id="star-3"
            name="rating"
            type="radio"
            value={3}
          />
          <label
            className="rating__label"
            htmlFor="star-3"
          >
            Rating 
            3
          </label>
          <input
            className="rating__input"
            id="star-4"
            name="rating"
            type="radio"
            value={4}
          />
          <label
            className="rating__label"
            htmlFor="star-4"
          >
            Rating 
            4
          </label>
          <input
            className="rating__input"
            id="star-5"
            name="rating"
            type="radio"
            value={5}
          />
          <label
            className="rating__label"
            htmlFor="star-5"
          >
            Rating 
            5
          </label>
        </div>
      </div>
      <div
        className="add-review__text"
        style={
          Object {
            "backgroundColor": "rgba(255, 255, 255, 0.5)",
          }
        }
      >
        <textarea
          className="add-review__textarea"
          id="review-text"
          maxLength={400}
          minLength={50}
          name="review-text"
          onChange={[Function]}
          placeholder="Review text"
          required={true}
        />
        <div
          className="add-review__submit"
        >
          <button
            className="add-review__btn"
            disabled={false}
            style={
              Object {
                "cursor": "pointer",
              }
            }
            type="submit"
          >
            Post
          </button>
        </div>
      </div>
    </form>
  </div>
</section>
`;
